2 3 4 22 33 44 55
100 101 102 103 104
11 12 13 14 15 16 95 96 97 98 99
105 106 107

